
> websmith@1.0.0 build
> next build

Γû▓ Next.js 16.2.9 (Turbopack)
- Environments: .env.local, .env.production

  Creating an optimized production build ...
Turbopack build encountered 1 warnings:
./next.config.ts
Encountered unexpected file in NFT list
A file was traced that indicates that the whole project was traced unintentionally. Somewhere in the import trace below, there are:
- filesystem operations (like path.join, path.resolve or fs.readFile), or
- very dynamic requires (like require('./' + foo)).
To resolve this, you can
- remove them if possible, or
- only use them in development, or
- make sure they are statically scoped to some subfolder: path.join(process.cwd(), 'data', bar), or
- add ignore comments: path.join(/*turbopackIgnore: true*/ process.cwd(), bar)

Import trace:
  App Route:
    ./next.config.ts
    ./app/internal/publisher/sdk-validator.ts
    ./app/internal/publisher/index.ts
    ./app/api/internal/publisher/publish-product/route.ts


